
harik@HarikaY MINGW64 ~
$ # Access token secret (good for HS256). Run twice: one for each secret.
openssl rand -base64 32

# If youâ€™ll sign with HS512, use a longer key:
openssl rand -base64 64
MF9x0g7QyCsduzLwzSY0feEWHh7PczGx+aPxtAjCeww=
L9Y299sdNw4L2WfJg9Izp0i/XIe+lPqUEWpWiPsKue4uJWo6hrluDBnzW3IvwjHG
2pTHqOxfj1i5ENkrYqlXDA==

harik@HarikaY MINGW64 ~
$ # HS512 (recommended): 64 random bytes, base64-encoded on ONE line
ACCESS=$(openssl rand -base64 64 | tr -d '\n'); echo "$ACCESS"
REFRESH=$(openssl rand -base64 64 | tr -d '\n'); echo "$REFRESH"
m1wbpfWtFns4QU/aiTYDBw==XyaGNbAnhsn198tbGZSY8AglnDkj01Mw0ZxOVJbh
vEN7NqWq52wtBahjBI7MPA==6RYiQYZbJv7VugWAOPCsKRjbr+3G5PyUBPL5/E6Q

harik@HarikaY MINGW64 ~
$ # should print 64 for each if you chose HS512
echo "$ACCESS"  | base64 -d | wc -c
echo "$REFRESH" | base64 -d | wc -c
base64: invalid input
48
base64: invalid input
48

harik@HarikaY MINGW64 ~
$ openssl rand -base64 64 -A
rand: Extra option: "64"
rand: Use -help for summary.

harik@HarikaY MINGW64 ~
$ SECRET=$(openssl rand -base64 64 -A)
echo "$SECRET" | base64 -d | wc -c
rand: Extra option: "64"
rand: Use -help for summary.
0

harik@HarikaY MINGW64 ~
$ # Generate access secret (for HS256 use 32 bytes, for HS512 use 64 bytes)
openssl rand -base64 64 -A

# Generate refresh secret
openssl rand -base64 64 -A
rand: Extra option: "64"
rand: Use -help for summary.
rand: Extra option: "64"
rand: Use -help for summary.

harik@HarikaY MINGW64 ~
$ echo "$JWT_ACCESS_SECRET" | base64 -d | wc -c
0

harik@HarikaY MINGW64 ~
$ export JWT_ACCESS_SECRET=$(openssl rand -base64 64 -A)
export JWT_REFRESH_SECRET=$(openssl rand -base64 64 -A)
rand: Extra option: "64"
rand: Use -help for summary.
rand: Extra option: "64"
rand: Use -help for summary.

harik@HarikaY MINGW64 ~
$ echo "$JWT_ACCESS_SECRET" | base64 -d | wc -c
echo "$JWT_REFRESH_SECRET" | base64 -d | wc -c
0
0

harik@HarikaY MINGW64 ~
$ openssl rand -base64 64 -A
rand: Extra option: "64"
rand: Use -help for summary.

harik@HarikaY MINGW64 ~
$
